[danielkummer.github.io/git-flow-cheatsheet/index.fr_FR.html]
[backblue.gif]
[fade.gif]
[index.html]
[danielkummer.github.io/git-flow-cheatsheet/css/normalize.css]
[danielkummer.github.io/git-flow-cheatsheet/css/style.css]
[platform.twitter.com/widgets.js]
[danielkummer.github.io/git-flow-cheatsheet/index.html]
[danielkummer.github.io/git-flow-cheatsheet/index.es_ES.html]
[danielkummer.github.io/git-flow-cheatsheet/index.pt_BR.html]
[danielkummer.github.io/git-flow-cheatsheet/index.zh_TW.html]
[danielkummer.github.io/git-flow-cheatsheet/index.zh_CN.html]
[danielkummer.github.io/git-flow-cheatsheet/index.tr_TR.html]
[danielkummer.github.io/git-flow-cheatsheet/index.ja_JP.html]
[danielkummer.github.io/git-flow-cheatsheet/index.ko_KR.html]
[danielkummer.github.io/git-flow-cheatsheet/index.it_IT.html]
[danielkummer.github.io/git-flow-cheatsheet/index.nl_NL.html]
[danielkummer.github.io/git-flow-cheatsheet/index.ru_RU.html]
[danielkummer.github.io/git-flow-cheatsheet/index.de_DE.html]
[danielkummer.github.io/git-flow-cheatsheet/index.ca_CA.html]
[danielkummer.github.io/git-flow-cheatsheet/index.ro_RO.html]
[danielkummer.github.io/git-flow-cheatsheet/index.el_GR.html]
[danielkummer.github.io/git-flow-cheatsheet/index.uk_UA.html]
[danielkummer.github.io/git-flow-cheatsheet/index.vi_VN.html]
[danielkummer.github.io/git-flow-cheatsheet/index.pl_PL.html]
[danielkummer.github.io/git-flow-cheatsheet/index.ar_MA.html]
[danielkummer.github.io/git-flow-cheatsheet/index.fa_FA.html]
[danielkummer.github.io/git-flow-cheatsheet/index.az_AZ.html]
[danielkummer.github.io/git-flow-cheatsheet/index.id_ID.html]
[danielkummer.github.io/git-flow-cheatsheet/img/download.png]
[danielkummer.github.io/git-flow-cheatsheet/img/git-flow-commands.png]
[danielkummer.github.io/git-flow-cheatsheet/index.fr_FR.html]
[fonts.googleapis.com/css22c1.css]
[danielkummer.github.io/git-flow-cheatsheet/index.lt_LT.html]
[danielkummer.github.io/git-flow-cheatsheet/index.html]
[danielkummer.github.io/git-flow-cheatsheet/index.es_ES.html]
[danielkummer.github.io/git-flow-cheatsheet/index.pt_BR.html]
[danielkummer.github.io/git-flow-cheatsheet/index.zh_TW.html]
[danielkummer.github.io/git-flow-cheatsheet/index.zh_CN.html]
[danielkummer.github.io/git-flow-cheatsheet/index.ja_JP.html]
[danielkummer.github.io/git-flow-cheatsheet/index.tr_TR.html]
[danielkummer.github.io/git-flow-cheatsheet/index.ko_KR.html]
[danielkummer.github.io/git-flow-cheatsheet/index.it_IT.html]
[danielkummer.github.io/git-flow-cheatsheet/index.nl_NL.html]
[danielkummer.github.io/git-flow-cheatsheet/index.ru_RU.html]
[danielkummer.github.io/git-flow-cheatsheet/index.de_DE.html]
[danielkummer.github.io/git-flow-cheatsheet/index.ca_CA.html]
[danielkummer.github.io/git-flow-cheatsheet/index.ro_RO.html]
[danielkummer.github.io/git-flow-cheatsheet/index.el_GR.html]
[danielkummer.github.io/git-flow-cheatsheet/index.uk_UA.html]
[danielkummer.github.io/git-flow-cheatsheet/index.vi_VN.html]
[danielkummer.github.io/git-flow-cheatsheet/index.pl_PL.html]
[danielkummer.github.io/git-flow-cheatsheet/index.ar_MA.html]
[danielkummer.github.io/git-flow-cheatsheet/css/style.fa_FA.css]
[danielkummer.github.io/git-flow-cheatsheet/index.fa_FA.html]
[danielkummer.github.io/git-flow-cheatsheet/js/jquery-1.7.2.min.js]
[danielkummer.github.io/git-flow-cheatsheet/index.uk_UK.html]
[danielkummer.github.io/git-flow-cheatsheet/index.az_AZ.html]
[danielkummer.github.io/git-flow-cheatsheet/index.id_ID.html]
[danielkummer.github.io/git-flow-cheatsheet/index.lt_LT.html]
[fonts.googleapis.com/cssa2be.css]
[fonts.googleapis.com/css6475.css]
[fonts.googleapis.com/cssf7a2.css]
[danielkummer.github.io/git-flow-cheatsheet/index.uk_UK.html]
[danielkummer.github.io/git-flow-cheatsheet/css/normalize.css]
[danielkummer.github.io/git-flow-cheatsheet/img/git-flow-commands.png]
[danielkummer.github.io/git-flow-cheatsheet/img/initialize.png]
[platform.twitter.com/widgets.js]
[danielkummer.github.io/git-flow-cheatsheet/img/lines-small.png]
[danielkummer.github.io/git-flow-cheatsheet/img/lines-big.png]
[danielkummer.github.io/git-flow-cheatsheet/img/lines-open.png]
[danielkummer.github.io/git-flow-cheatsheet/img/lines-close.png]
[danielkummer.github.io/git-flow-cheatsheet/img/flow-sprites.png]
[danielkummer.github.io/git-flow-cheatsheet/img/lines-open.png]
[danielkummer.github.io/git-flow-cheatsheet/img/lines-close.png]
[danielkummer.github.io/git-flow-cheatsheet/img/feature-publish.png]
[danielkummer.github.io/git-flow-cheatsheet/css/style.css]
[danielkummer.github.io/git-flow-cheatsheet/img/feature-pull.png]
[danielkummer.github.io/git-flow-cheatsheet/index.html]
[danielkummer.github.io/git-flow-cheatsheet/index.lt_LT.html]
[danielkummer.github.io/git-flow-cheatsheet/css/style.zh_TW.css]
[danielkummer.github.io/git-flow-cheatsheet/css/style.ca_CA.css]
[danielkummer.github.io/git-flow-cheatsheet/css/style.vi_VN.css]
[danielkummer.github.io/git-flow-cheatsheet/css/style.ar_MA.css]
[danielkummer.github.io/git-flow-cheatsheet/css/style.fa_FA.css]
[danielkummer.github.io/git-flow-cheatsheet/js/jquery-1.7.2.min.html]
